Error[e46]: Undefined external "main" referred in ?cmain ( C:\Program Files (x86)\IAR Systems\Embedded Workbench 6.5\8051\LIB\CLIB\cl-pli-blxd-1e16x01.r51 )
################################################################################
#                                                                              #
#      IAR Universal Linker V5.7.0.39                                          #
#                                                                              #
#           Link time     =  19/Oct/2017  13:11:56                             #
#           Target CPU    =  x51                                               #
#           List file     =  "D:\简宝山\寿县17-09-01 25\程序\无线节点程序\code #
#                            \Projects\zstack\Samples\SampleApp\CC2530DB\DemoE #
#                            B\List\SampleApp.map"                             #
#           Output file 1 =  "D:\简宝山\寿县17-09-01 25\程序\无线节点程序\code #
#                            \Projects\zstack\Samples\SampleApp\CC2530DB\DemoE #
#                            B\Exe\SampleApp.d51"                              #
#                            Format: debug                                     #
#                            UBROF version 10.0.6                              #
#                            Using library modules for C-SPY (-rt)             #
#           Command line  =  -C                                                #
#                            "D:\简宝山\寿县17-09-01 25\程序\无线节点程序\code #
#                            \Projects\zstack\Samples\SampleApp\CC2530DB\..\.. #
#                            \..\Libraries\TI2530DB\bin\Router-Pro.lib"        #
#                            -C                                                #
#                            "D:\简宝山\寿县17-09-01 25\程序\无线节点程序\code #
#                            \Projects\zstack\Samples\SampleApp\CC2530DB\..\.. #
#                            \..\Libraries\TI2530DB\bin\Security.lib"          #
#                            -C                                                #
#                            "D:\简宝山\寿县17-09-01 25\程序\无线节点程序\code #
#                            \Projects\zstack\Samples\SampleApp\CC2530DB\..\.. #
#                            \..\Libraries\TIMAC\bin\TIMAC-CC2530.lib"         #
#                            -D_NR_OF_BANKS=0x07 -D_CODEBANK_END=0xFFFF        #
#                            -D_CODEBANK_START=0x8000 -D?CBANK_MASK=0xFF       #
#                            -D?CBANK=0x9F                                     #
#                            "-IC:\Program Files (x86)\IAR Systems\Embedded Wo #
#                            rkbench 6.5\8051\CONFIG\"                         #
#                            "D:\简宝山\寿县17-09-01 25\程序\无线节点程序\code #
#                            \Projects\zstack\Samples\SampleApp\CC2530DB\DemoE #
#                            B\Obj\AF.r51"                                     #
#                            "D:\简宝山\寿县17-09-01 25\程序\无线节点程序\code #
#                            \Projects\zstack\Samples\SampleApp\CC2530DB\DemoE #
#                            B\Obj\BindingTable.r51"                           #
#                            "D:\简宝山\寿县17-09-01 25\程序\无线节点程序\code #
#                            \Projects\zstack\Samples\SampleApp\CC2530DB\DemoE #
#                            B\Obj\DebugTrace.r51"                             #
#                            "D:\简宝山\寿县17-09-01 25\程序\无线节点程序\code #
#                            \Projects\zstack\Samples\SampleApp\CC2530DB\DemoE #
#                            B\Obj\MT.r51"                                     #
#                            "D:\简宝山\寿县17-09-01 25\程序\无线节点程序\code #
#                            \Projects\zstack\Samples\SampleApp\CC2530DB\DemoE #
#                            B\Obj\MT_AF.r51"                                  #
#                            "D:\简宝山\寿县17-09-01 25\程序\无线节点程序\code #
#                            \Projects\zstack\Samples\SampleApp\CC2530DB\DemoE #
#                            B\Obj\MT_APP.r51"                                 #
#                            "D:\简宝山\寿县17-09-01 25\程序\无线节点程序\code #
#                            \Projects\zstack\Samples\SampleApp\CC2530DB\DemoE #
#                            B\Obj\MT_DEBUG.r51"                               #
#                            "D:\简宝山\寿县17-09-01 25\程序\无线节点程序\code #
#                            \Projects\zstack\Samples\SampleApp\CC2530DB\DemoE #
#                            B\Obj\MT_NWK.r51"                                 #
#                            "D:\简宝山\寿县17-09-01 25\程序\无线节点程序\code #
#                            \Projects\zstack\Samples\SampleApp\CC2530DB\DemoE #
#                            B\Obj\MT_SAPI.r51"                                #
#                            "D:\简宝山\寿县17-09-01 25\程序\无线节点程序\code #
#                            \Projects\zstack\Samples\SampleApp\CC2530DB\DemoE #
#                            B\Obj\MT_SYS.r51"                                 #
#                            "D:\简宝山\寿县17-09-01 25\程序\无线节点程序\code #
#                            \Projects\zstack\Samples\SampleApp\CC2530DB\DemoE #
#                            B\Obj\MT_TASK.r51"                                #
#                            "D:\简宝山\寿县17-09-01 25\程序\无线节点程序\code #
#                            \Projects\zstack\Samples\SampleApp\CC2530DB\DemoE #
#                            B\Obj\MT_UART.r51"                                #
#                            "D:\简宝山\寿县17-09-01 25\程序\无线节点程序\code #
#                            \Projects\zstack\Samples\SampleApp\CC2530DB\DemoE #
#                            B\Obj\MT_UTIL.r51"                                #
#                            "D:\简宝山\寿县17-09-01 25\程序\无线节点程序\code #
#                            \Projects\zstack\Samples\SampleApp\CC2530DB\DemoE #
#                            B\Obj\MT_VERSION.r51"                             #
#                            "D:\简宝山\寿县17-09-01 25\程序\无线节点程序\code #
#                            \Projects\zstack\Samples\SampleApp\CC2530DB\DemoE #
#                            B\Obj\MT_ZDO.r51"                                 #
#                            "D:\简宝山\寿县17-09-01 25\程序\无线节点程序\code #
#                            \Projects\zstack\Samples\SampleApp\CC2530DB\DemoE #
#                            B\Obj\OSAL.r51"                                   #
#                            "D:\简宝山\寿县17-09-01 25\程序\无线节点程序\code #
#                            \Projects\zstack\Samples\SampleApp\CC2530DB\DemoE #
#                            B\Obj\OSAL_Clock.r51"                             #
#                            "D:\简宝山\寿县17-09-01 25\程序\无线节点程序\code #
#                            \Projects\zstack\Samples\SampleApp\CC2530DB\DemoE #
#                            B\Obj\OSAL_Math.r51"                              #
#                            "D:\简宝山\寿县17-09-01 25\程序\无线节点程序\code #
#                            \Projects\zstack\Samples\SampleApp\CC2530DB\DemoE #
#                            B\Obj\OSAL_Memory.r51"                            #
#                            "D:\简宝山\寿县17-09-01 25\程序\无线节点程序\code #
#                            \Projects\zstack\Samples\SampleApp\CC2530DB\DemoE #
#                            B\Obj\OSAL_Nv.r51"                                #
#                            "D:\简宝山\寿县17-09-01 25\程序\无线节点程序\code #
#                            \Projects\zstack\Samples\SampleApp\CC2530DB\DemoE #
#                            B\Obj\OSAL_PwrMgr.r51"                            #
#                            "D:\简宝山\寿县17-09-01 25\程序\无线节点程序\code #
#                            \Projects\zstack\Samples\SampleApp\CC2530DB\DemoE #
#                            B\Obj\OSAL_SampleApp.r51"                         #
#                            "D:\简宝山\寿县17-09-01 25\程序\无线节点程序\code #
#                            \Projects\zstack\Samples\SampleApp\CC2530DB\DemoE #
#                            B\Obj\OSAL_Timers.r51"                            #
#                            "D:\简宝山\寿县17-09-01 25\程序\无线节点程序\code #
#                            \Projects\zstack\Samples\SampleApp\CC2530DB\DemoE #
#                            B\Obj\OnBoard.r51"                                #
#                            "D:\简宝山\寿县17-09-01 25\程序\无线节点程序\code #
#                            \Projects\zstack\Samples\SampleApp\CC2530DB\DemoE #
#                            B\Obj\SampleApp.r51"                              #
#                            "D:\简宝山\寿县17-09-01 25\程序\无线节点程序\code #
#                            \Projects\zstack\Samples\SampleApp\CC2530DB\DemoE #
#                            B\Obj\SampleAppHw.r51"                            #
#                            "D:\简宝山\寿县17-09-01 25\程序\无线节点程序\code #
#                            \Projects\zstack\Samples\SampleApp\CC2530DB\DemoE #
#                            B\Obj\ZDApp.r51"                                  #
#                            "D:\简宝山\寿县17-09-01 25\程序\无线节点程序\code #
#                            \Projects\zstack\Samples\SampleApp\CC2530DB\DemoE #
#                            B\Obj\ZDConfig.r51"                               #
#                            "D:\简宝山\寿县17-09-01 25\程序\无线节点程序\code #
#                            \Projects\zstack\Samples\SampleApp\CC2530DB\DemoE #
#                            B\Obj\ZDNwkMgr.r51"                               #
#                            "D:\简宝山\寿县17-09-01 25\程序\无线节点程序\code #
#                            \Projects\zstack\Samples\SampleApp\CC2530DB\DemoE #
#                            B\Obj\ZDObject.r51"                               #
#                            "D:\简宝山\寿县17-09-01 25\程序\无线节点程序\code #
#                            \Projects\zstack\Samples\SampleApp\CC2530DB\DemoE #
#                            B\Obj\ZDProfile.r51"                              #
#                            "D:\简宝山\寿县17-09-01 25\程序\无线节点程序\code #
#                            \Projects\zstack\Samples\SampleApp\CC2530DB\DemoE #
#                            B\Obj\ZDSecMgr.r51"                               #
#                            "D:\简宝山\寿县17-09-01 25\程序\无线节点程序\code #
#                            \Projects\zstack\Samples\SampleApp\CC2530DB\DemoE #
#                            B\Obj\ZGlobals.r51"                               #
#                            "D:\简宝山\寿县17-09-01 25\程序\无线节点程序\code #
#                            \Projects\zstack\Samples\SampleApp\CC2530DB\DemoE #
#                            B\Obj\adc.r51"                                    #
#                            "D:\简宝山\寿县17-09-01 25\程序\无线节点程序\code #
#                            \Projects\zstack\Samples\SampleApp\CC2530DB\DemoE #
#                            B\Obj\chipcon_cstartup.r51"                       #
#                            "D:\简宝山\寿县17-09-01 25\程序\无线节点程序\code #
#                            \Projects\zstack\Samples\SampleApp\CC2530DB\DemoE #
#                            B\Obj\hal_adc.r51"                                #
#                            "D:\简宝山\寿县17-09-01 25\程序\无线节点程序\code #
#                            \Projects\zstack\Samples\SampleApp\CC2530DB\DemoE #
#                            B\Obj\hal_assert.r51"                             #
#                            "D:\简宝山\寿县17-09-01 25\程序\无线节点程序\code #
#                            \Projects\zstack\Samples\SampleApp\CC2530DB\DemoE #
#                            B\Obj\hal_dma.r51"                                #
#                            "D:\简宝山\寿县17-09-01 25\程序\无线节点程序\code #
#                            \Projects\zstack\Samples\SampleApp\CC2530DB\DemoE #
#                            B\Obj\hal_drivers.r51"                            #
#                            "D:\简宝山\寿县17-09-01 25\程序\无线节点程序\code #
#                            \Projects\zstack\Samples\SampleApp\CC2530DB\DemoE #
#                            B\Obj\hal_flash.r51"                              #
#                            "D:\简宝山\寿县17-09-01 25\程序\无线节点程序\code #
#                            \Projects\zstack\Samples\SampleApp\CC2530DB\DemoE #
#                            B\Obj\hal_key.r51"                                #
#                            "D:\简宝山\寿县17-09-01 25\程序\无线节点程序\code #
#                            \Projects\zstack\Samples\SampleApp\CC2530DB\DemoE #
#                            B\Obj\hal_lcd.r51"                                #
#                            "D:\简宝山\寿县17-09-01 25\程序\无线节点程序\code #
#                            \Projects\zstack\Samples\SampleApp\CC2530DB\DemoE #
#                            B\Obj\hal_led.r51"                                #
#                            "D:\简宝山\寿县17-09-01 25\程序\无线节点程序\code #
#                            \Projects\zstack\Samples\SampleApp\CC2530DB\DemoE #
#                            B\Obj\hal_sleep.r51"                              #
#                            "D:\简宝山\寿县17-09-01 25\程序\无线节点程序\code #
#                            \Projects\zstack\Samples\SampleApp\CC2530DB\DemoE #
#                            B\Obj\hal_startup.r51"                            #
#                            "D:\简宝山\寿县17-09-01 25\程序\无线节点程序\code #
#                            \Projects\zstack\Samples\SampleApp\CC2530DB\DemoE #
#                            B\Obj\hal_timer.r51"                              #
#                            "D:\简宝山\寿县17-09-01 25\程序\无线节点程序\code #
#                            \Projects\zstack\Samples\SampleApp\CC2530DB\DemoE #
#                            B\Obj\hal_uart.r51"                               #
#                            "D:\简宝山\寿县17-09-01 25\程序\无线节点程序\code #
#                            \Projects\zstack\Samples\SampleApp\CC2530DB\DemoE #
#                            B\Obj\mac_autopend.r51"                           #
#                            "D:\简宝山\寿县17-09-01 25\程序\无线节点程序\code #
#                            \Projects\zstack\Samples\SampleApp\CC2530DB\DemoE #
#                            B\Obj\mac_backoff_timer.r51"                      #
#                            "D:\简宝山\寿县17-09-01 25\程序\无线节点程序\code #
#                            \Projects\zstack\Samples\SampleApp\CC2530DB\DemoE #
#                            B\Obj\mac_cfg.r51"                                #
#                            "D:\简宝山\寿县17-09-01 25\程序\无线节点程序\code #
#                            \Projects\zstack\Samples\SampleApp\CC2530DB\DemoE #
#                            B\Obj\mac_csp_tx.r51"                             #
#                            "D:\简宝山\寿县17-09-01 25\程序\无线节点程序\code #
#                            \Projects\zstack\Samples\SampleApp\CC2530DB\DemoE #
#                            B\Obj\mac_low_level.r51"                          #
#                            "D:\简宝山\寿县17-09-01 25\程序\无线节点程序\code #
#                            \Projects\zstack\Samples\SampleApp\CC2530DB\DemoE #
#                            B\Obj\mac_mcu.r51"                                #
#                            "D:\简宝山\寿县17-09-01 25\程序\无线节点程序\code #
#                            \Projects\zstack\Samples\SampleApp\CC2530DB\DemoE #
#                            B\Obj\mac_mem.r51"                                #
#                            "D:\简宝山\寿县17-09-01 25\程序\无线节点程序\code #
#                            \Projects\zstack\Samples\SampleApp\CC2530DB\DemoE #
#                            B\Obj\mac_pib.r51"                                #
#                            "D:\简宝山\寿县17-09-01 25\程序\无线节点程序\code #
#                            \Projects\zstack\Samples\SampleApp\CC2530DB\DemoE #
#                            B\Obj\mac_radio.r51"                              #
#                            "D:\简宝山\寿县17-09-01 25\程序\无线节点程序\code #
#                            \Projects\zstack\Samples\SampleApp\CC2530DB\DemoE #
#                            B\Obj\mac_radio_defs.r51"                         #
#                            "D:\简宝山\寿县17-09-01 25\程序\无线节点程序\code #
#                            \Projects\zstack\Samples\SampleApp\CC2530DB\DemoE #
#                            B\Obj\mac_rffrontend.r51"                         #
#                            "D:\简宝山\寿县17-09-01 25\程序\无线节点程序\code #
#                            \Projects\zstack\Samples\SampleApp\CC2530DB\DemoE #
#                            B\Obj\mac_rx.r51"                                 #
#                            "D:\简宝山\寿县17-09-01 25\程序\无线节点程序\code #
#                            \Projects\zstack\Samples\SampleApp\CC2530DB\DemoE #
#                            B\Obj\mac_rx_onoff.r51"                           #
#                            "D:\简宝山\寿县17-09-01 25\程序\无线节点程序\code #
#                            \Projects\zstack\Samples\SampleApp\CC2530DB\DemoE #
#                            B\Obj\mac_sleep.r51"                              #
#                            "D:\简宝山\寿县17-09-01 25\程序\无线节点程序\code #
#                            \Projects\zstack\Samples\SampleApp\CC2530DB\DemoE #
#                            B\Obj\mac_tx.r51"                                 #
#                            "D:\简宝山\寿县17-09-01 25\程序\无线节点程序\code #
#                            \Projects\zstack\Samples\SampleApp\CC2530DB\DemoE #
#                            B\Obj\nwk_globals.r51"                            #
#                            "D:\简宝山\寿县17-09-01 25\程序\无线节点程序\code #
#                            \Projects\zstack\Samples\SampleApp\CC2530DB\DemoE #
#                            B\Obj\saddr.r51"                                  #
#                            "D:\简宝山\寿县17-09-01 25\程序\无线节点程序\code #
#                            \Projects\zstack\Samples\SampleApp\CC2530DB\DemoE #
#                            B\Obj\spi.r51"                                    #
#                            "D:\简宝山\寿县17-09-01 25\程序\无线节点程序\code #
#                            \Projects\zstack\Samples\SampleApp\CC2530DB\DemoE #
#                            B\Obj\stub_aps.r51"                               #
#                            "D:\简宝山\寿县17-09-01 25\程序\无线节点程序\code #
#                            \Projects\zstack\Samples\SampleApp\CC2530DB\DemoE #
#                            B\Obj\wdt.r51"                                    #
#                            "D:\简宝山\寿县17-09-01 25\程序\无线节点程序\code #
#                            \Projects\zstack\Samples\SampleApp\CC2530DB\DemoE #
#                            B\Obj\workaround.r51"                             #
#                            "D:\简宝山\寿县17-09-01 25\程序\无线节点程序\code #
#                            \Projects\zstack\Samples\SampleApp\CC2530DB\DemoE #
#                            B\Obj\zmac.r51"                                   #
#                            "D:\简宝山\寿县17-09-01 25\程序\无线节点程序\code #
#                            \Projects\zstack\Samples\SampleApp\CC2530DB\DemoE #
#                            B\Obj\zmac_cb.r51"                                #
#                            -o                                                #
#                            "D:\简宝山\寿县17-09-01 25\程序\无线节点程序\code #
#                            \Projects\zstack\Samples\SampleApp\CC2530DB\DemoE #
#                            B\Exe\SampleApp.d51"                              #
#                            -l                                                #
#                            "D:\简宝山\寿县17-09-01 25\程序\无线节点程序\code #
#                            \Projects\zstack\Samples\SampleApp\CC2530DB\DemoE #
#                            B\List\SampleApp.map"                             #
#                            -xmsn                                             #
#                            "-IC:\Program Files (x86)\IAR Systems\Embedded Wo #
#                            rkbench 6.5\8051\LIB\"                            #
#                            -f                                                #
#                            "D:\简宝山\寿县17-09-01 25\程序\无线节点程序\code #
#                            \Projects\zstack\Samples\SampleApp\CC2530DB\..\.. #
#                            \..\Tools\CC2530DB\f8w2530.xcl"                   #
#                            (-D_XDATA_START=0x0001 -D_XDATA_END=0x1EFF        #
#                            -D_IDATA_END=0xFF -D_CODE_START=0x0000            #
#                            -D_CODE_END=0x7FFF -D_FIRST_BANK_ADDR=0x10000     #
#                            -D?REGISTER_BANK=0 -D_REGISTER_BANK_START=0       #
#                            -D?PBANK_NUMBER=00 -D_BREG_START=0x00             #
#                            -D?VB=0x20 -Z(BIT)BREG=_BREG_START                #
#                            -Z(BIT)BIT_N=0-7F                                 #
#                            -Z(DATA)REGISTERS+8=_REGISTER_BANK_START          #
#                            -Z(DATA)BDATA_Z,BDATA_N,BDATA_I=20-2F             #
#                            -Z(DATA)VREG+_NR_OF_VIRTUAL_REGISTERS=08-7F       #
#                            -Z(DATA)PSP,XSP=08-7F -Z(DATA)DOVERLAY=08-7F      #
#                            -Z(DATA)DATA_I,DATA_Z,DATA_N=08-7F                #
#                            -U(IDATA)0-7F=(DATA)0-7F                          #
#                            -Z(IDATA)IDATA_I,IDATA_Z,IDATA_N=08-_IDATA_END    #
#                            -Z(IDATA)ISTACK+_IDATA_STACK_SIZE#08-_IDATA_END   #
#                            -Z(IDATA)IOVERLAY=08-FF                           #
#                            -Z(CODE)INTVEC=_CODE_START                        #
#                            -Z(CODE)BIT_ID,BDATA_ID,DATA_ID,IDATA_ID,IXDATA_I #
#                            D,PDATA_ID,XDATA_ID=_CODE_START-_CODE_END         #
#                            -D_SLEEP_CODE_SPACE_START=(_CODE_END-7)           #
#                            -D_SLEEP_CODE_SPACE_END=(_CODE_END)               #
#                            -Z(CODE)SLEEP_CODE=_SLEEP_CODE_SPACE_START-_SLEEP #
#                            _CODE_SPACE_END                                   #
#                            -P(CODE)CSTART,BANK_RELAYS,RCODE,DIFUNCT,NEAR_COD #
#                            E=_CODE_START-_CODE_END                           #
#                            -P(CODE)CODE_C=_CODE_START-_CODE_END              #
#                            -P(CONST)XDATA_ROM_C=0x8000-0xFFFF                #
#                            -P(CODE)XDATA_ROM_C_FLASH=0x18000-0x1FFFF         #
#                            -QXDATA_ROM_C=XDATA_ROM_C_FLASH                   #
#                            -P(CODE)BANKED_CODE=_CODE_START-_CODE_END,0x18000 #
#                            -0x1FFFF,0x28000-0x2FFFF,0x38000-0x3FFFF,0x48000- #
#                            0x4FFFF,0x58000-0x5FFFF,0x68000-0x6FFFF,0x78000-0 #
#                            x7F7FF                                            #
#                            -Z(XDATA)XSTACK+_XDATA_STACK_SIZE=_XDATA_START-_X #
#                            DATA_END                                          #
#                            -Z(XDATA)XDATA_Z,XDATA_I=_XDATA_START-_XDATA_END  #
#                            -P(XDATA)XDATA_N=_XDATA_START-_XDATA_END -cx51    #
#                            -D_ZIGNV_ADDRESS_SPACE_START=(((_NR_OF_BANKS+1)*_ #
#                            FIRST_BANK_ADDR)-0x3800)                          #
#                            -D_ZIGNV_ADDRESS_SPACE_END=(_ZIGNV_ADDRESS_SPACE_ #
#                            START+0x2FFF)                                     #
#                            -Z(CODE)ZIGNV_ADDRESS_SPACE=_ZIGNV_ADDRESS_SPACE_ #
#                            START-_ZIGNV_ADDRESS_SPACE_END                    #
#                            -D_LOCK_BITS_ADDRESS_SPACE_START=(((_NR_OF_BANKS+ #
#                            1)*_FIRST_BANK_ADDR)-0x10)                        #
#                            -D_LOCK_BITS_ADDRESS_SPACE_END=(_LOCK_BITS_ADDRES #
#                            S_SPACE_START+0x0F)                               #
#                            -Z(CODE)LOCK_BITS_ADDRESS_SPACE=_LOCK_BITS_ADDRES #
#                            S_SPACE_START-_LOCK_BITS_ADDRESS_SPACE_END        #
#                            -D_IEEE_ADDRESS_SPACE_START=(_LOCK_BITS_ADDRESS_S #
#                            PACE_START-0x08)                                  #
#                            -D_IEEE_ADDRESS_SPACE_END=(_IEEE_ADDRESS_SPACE_ST #
#                            ART+0x07)                                         #
#                            -Z(CODE)IEEE_ADDRESS_SPACE=_IEEE_ADDRESS_SPACE_ST #
#                            ART-_IEEE_ADDRESS_SPACE_END                       #
#                            -D_DEV_PRIVATE_KEY_ADDRESS_SPACE_START=(_IEEE_ADD #
#                            RESS_SPACE_START-0x16)                            #
#                            -D_DEV_PRIVATE_KEY_ADDRESS_SPACE_END=(_DEV_PRIVAT #
#                            E_KEY_ADDRESS_SPACE_START+0x15)                   #
#                            -Z(CODE)DEV_PRIVATE_KEY_ADDRESS_SPACE=_DEV_PRIVAT #
#                            E_KEY_ADDRESS_SPACE_START-_DEV_PRIVATE_KEY_ADDRES #
#                            S_SPACE_END                                       #
#                            -D_CA_PUBLIC_KEY_ADDRESS_SPACE_START=(_DEV_PRIVAT #
#                            E_KEY_ADDRESS_SPACE_START-0x16)                   #
#                            -D_CA_PUBLIC_KEY_ADDRESS_SPACE_END=(_CA_PUBLIC_KE #
#                            Y_ADDRESS_SPACE_START+0x15)                       #
#                            -Z(CODE)CA_PUBLIC_KEY_ADDRESS_SPACE=_CA_PUBLIC_KE #
#                            Y_ADDRESS_SPACE_START-_CA_PUBLIC_KEY_ADDRESS_SPAC #
#                            E_END                                             #
#                            -D_IMPLICIT_CERTIFICATE_ADDRESS_SPACE_START=(_CA_ #
#                            PUBLIC_KEY_ADDRESS_SPACE_START-0x30)              #
#                            -D_IMPLICIT_CERTIFICATE_ADDRESS_SPACE_END=(_IMPLI #
#                            CIT_CERTIFICATE_ADDRESS_SPACE_START+0x2F)         #
#                            -Z(CODE)IMPLICIT_CERTIFICATE_ADDRESS_SPACE=_IMPLI #
#                            CIT_CERTIFICATE_ADDRESS_SPACE_START-_IMPLICIT_CER #
#                            TIFICATE_ADDRESS_SPACE_END                        #
#                            -D_RESERVED_ADDRESS_SPACE_START=(_IMPLICIT_CERTIF #
#                            ICATE_ADDRESS_SPACE_START-0x78C)                  #
#                            -D_RESERVED_ADDRESS_SPACE_END=(_RESERVED_ADDRESS_ #
#                            SPACE_START+0x78B)                                #
#                            -Z(CODE)RESERVED_ADDRESS_SPACE=_RESERVED_ADDRESS_ #
#                            SPACE_START-_RESERVED_ADDRESS_SPACE_END)          #
#                            -D_NR_OF_VIRTUAL_REGISTERS=10 -D?PBANK=0x93       #
#                            -e?BCALL_FF=?BCALL -e?BRET_FF=?BRET               #
#                            -e?BDISPATCH_FF=?BDISPATCH                        #
#                            -e_small_write=_formatted_write                   #
#                            -e_medium_read=_formatted_read -we24=i -rt -s     #
#                            __program_start                                   #
#                            "C:\Program Files (x86)\IAR Systems\Embedded Work #
#                            bench 6.5\8051\LIB\CLIB\cl-pli-blxd-1e16x01.r51"  #
#                            -D_IDATA_STACK_SIZE=0xC0 -D?ESP=0 -D?ESP_MASK=0   #
#                            -D_EXTENDED_STACK_START=0                         #
#                            -D_EXTENDED_STACK_SIZE=0                          #
#                            -D_PDATA_STACK_SIZE=0x80                          #
#                            -D_XDATA_STACK_SIZE=0x300                         #
#                            -D_XDATA_HEAP_SIZE=0x00 -D_FAR_HEAP_SIZE=0x000    #
#                            -D_HUGE_HEAP_SIZE=0x000                           #
#                            -D_FAR22_HEAP_SIZE=0xFFF                          #
#                                                                              #
#                           Copyright (C) 1987-2013 IAR Systems AB.            #
################################################################################





                ****************************************
                *                                      *
                *           CROSS REFERENCE            *
                *                                      *
                ****************************************

       Program entry at : CODE      000005CA  Relocatable, from module : CSTARTUP




                ****************************************
                *                                      *
                *            RUNTIME MODEL             *
                *                                      *
                ****************************************

  __SystemLibrary          = CLib
  __calling_convention     = xdata_reentrant
  __code_model             = banked
  __core                   = plain
  __data_model             = large
  __dptr_size              = 16
  __extended_stack         = disabled
  __location_for_constants = data
  __number_of_dptrs        = 1
  __rt_version             = 1

                ****************************************
                *                                      *
                *    AUTOMATIC SYMBOL REDIRECTIONS     *
                *                                      *
                ****************************************

                  There are no automatic symbol redirections.



                ****************************************
                *                                      *
                *              MODULE MAP              *
                *                                      *
                ****************************************


  DEFINED ABSOLUTE ENTRIES
    *************************************************************************

  DEFINED ABSOLUTE ENTRIES
  PROGRAM MODULE, NAME : ?ABS_ENTRY_MOD

Absolute parts
           ENTRY                   ADDRESS         REF BY
           =====                   =======         ======
           _FAR22_HEAP_SIZE        00000FFF 
           _HUGE_HEAP_SIZE         00000000 
           _FAR_HEAP_SIZE          00000000 
           _XDATA_HEAP_SIZE        00000000 
           _XDATA_STACK_SIZE       00000300 
           _PDATA_STACK_SIZE       00000080 
           _EXTENDED_STACK_SIZE    00000000 
           _EXTENDED_STACK_START   00000000 
           ?ESP_MASK               00000000 
           ?ESP                    00000000 
           _IDATA_STACK_SIZE       000000C0 
           ?PBANK                  00000093 
           _NR_OF_VIRTUAL_REGISTERS
                                   00000010 
           _RESERVED_ADDRESS_SPACE_END
                                   0007FF8B 
           _RESERVED_ADDRESS_SPACE_START
                                   0007F800 
           _IMPLICIT_CERTIFICATE_ADDRESS_SPACE_END
                                   0007FFBB 
           _IMPLICIT_CERTIFICATE_ADDRESS_SPACE_START
                                   0007FF8C 
           _CA_PUBLIC_KEY_ADDRESS_SPACE_END
                                   0007FFD1 
           _CA_PUBLIC_KEY_ADDRESS_SPACE_START
                                   0007FFBC 
           _DEV_PRIVATE_KEY_ADDRESS_SPACE_END
                                   0007FFE7 
           _DEV_PRIVATE_KEY_ADDRESS_SPACE_START
                                   0007FFD2 
           _IEEE_ADDRESS_SPACE_END
                                   0007FFEF 
           _IEEE_ADDRESS_SPACE_START
                                   0007FFE8 
           _LOCK_BITS_ADDRESS_SPACE_END
                                   0007FFFF 
           _LOCK_BITS_ADDRESS_SPACE_START
                                   0007FFF0 
           _ZIGNV_ADDRESS_SPACE_END
                                   0007F7FF 
           _ZIGNV_ADDRESS_SPACE_START
                                   0007C800 
           _SLEEP_CODE_SPACE_END   00007FFF 
           _SLEEP_CODE_SPACE_START
                                   00007FF8 
           ?VB                     00000020        ?BANKED_ENTER_XDATA (?BANKED_ENTER_XDATA)
                                                   ?BANKED_LEAVE_XDATA (?BANKED_LEAVE_XDATA)
                                                   ?INTERRUPT_ENTER_XSP (?INTERRUPT_ENTER_XSP)
                                                   ?INTERRUPT_LEAVE_XSP (?INTERRUPT_LEAVE_XSP)
           _BREG_START             00000000 
           ?PBANK_NUMBER           00000000 
           _REGISTER_BANK_START    00000000 
           ?REGISTER_BANK          00000000        Segment part 6 (CSTARTUP)
           _FIRST_BANK_ADDR        00010000 
           _CODE_END               00007FFF 
           _CODE_START             00000000 
           _IDATA_END              000000FF 
           _XDATA_END              00001EFF 
           _XDATA_START            00000001 
           ?CBANK                  0000009F        Segment part 0 (?BANKED_CODE_SUPPORT)
           ?CBANK_MASK             000000FF 
           _CODEBANK_START         00008000 
           _CODEBANK_END           0000FFFF 
           _NR_OF_BANKS            00000007 
    *************************************************************************

  FILE NAME : D:\简宝山\寿县17-09-01 25\程序\无线节点程序\code\Projects\zstack\Libraries\TI2530DB\bin\Router-Pro.lib
  LIBRARY MODULE, NAME : nwk

  SEGMENTS IN THE MODULE
  ======================
XDATA_Z
  Relative segment, address: XDATA 00000301 - 0000036E (0x6e bytes), align: 0
  Segment part 9.
           ENTRY                   ADDRESS         REF BY
           =====                   =======         ======
           _NIB                    00000301        MAC_CbackEvent (zmac_cb)
    -------------------------------------------------------------------------
XDATA_Z
  Relative segment, address: XDATA 0000036F - 0000036F (0x1 bytes), align: 0
  Segment part 10.            Intra module refs:   Segment part 421
                                                   nwk_broadcastSend
           ENTRY                   ADDRESS         REF BY
           =====                   =======         ======
           NWK_TaskID              0000036F        MAC_CbackEvent (zmac_cb)
    -------------------------------------------------------------------------
XDATA_Z
  Relative segment, address: XDATA 00000370 - 00000371 (0x2 bytes), align: 0
  Segment part 19.            Intra module refs:   nwk_broadcastSend
    -------------------------------------------------------------------------
<BANKED_CODE,BANK_RELAYS..> 1 (was BANKED_CODE)
  Relative segment, address: CODE 0000332F - 00003333 (0x5 bytes), align: 0
  Segment part 273.           Intra module refs:   nwkDB_ReturnIndirectHoldingCnt::?relay
           ENTRY                   ADDRESS         REF BY
           =====                   =======         ======
           nwkDB_ReturnIndirectHoldingCnt
                                   0000332F 
    -------------------------------------------------------------------------
<BANKED_CODE,BANK_RELAYS..> 1 (was BANKED_CODE)
  Relative segment, address: CODE 00003334 - 0000338C (0x59 bytes), align: 0
  Segment part 298.           Intra module refs:   nwk_broadcastSend::?relay
           ENTRY                   ADDRESS         REF BY
           =====                   =======         ======
           nwk_broadcastSend       00003334 
               calls direct
               ISTACK = 00000000 ( 00000003 )
    -------------------------------------------------------------------------
<BANKED_CODE,BANK_RELAYS..> 1 (was BANKED_CODE)
  Relative segment, address: CODE 0000338D - 00003397 (0xb bytes), align: 0
  Segment part 300.           Intra module refs:   nwk_broadcastSend
    -------------------------------------------------------------------------
<BANKED_CODE,BANK_RELAYS..> 1 (was BANKED_CODE)
  Relative segment, address: CODE 00003398 - 0000339C (0x5 bytes), align: 0
  Segment part 304.           Intra module refs:   nwk_broadcastSend
    -------------------------------------------------------------------------
<BANKED_CODE,BANK_RELAYS..> 1 (was BANKED_CODE)
  Relative segment, address: CODE 0000339D - 000033A1 (0x5 bytes), align: 0
  Segment part 305.           Intra module refs:   Segment part 304
    -------------------------------------------------------------------------
<BANKED_CODE,BANK_RELAYS..> 1 (was BANKED_CODE)
  Relative segment, address: CODE 000033A2 - 000033A7 (0x6 bytes), align: 0
  Segment part 332.           Intra module refs:   Segment part 305
    -------------------------------------------------------------------------
<BANKED_CODE,BANK_RELAYS..> 1 (was BANKED_CODE)
  Relative segment, address: CODE 000033A8 - 000033AE (0x7 bytes), align: 0
  Segment part 383.           Intra module refs:   nwk_broadcastSend
    -------------------------------------------------------------------------
<BANKED_CODE,BANK_RELAYS..> 1 (was BANKED_CODE)
  Relative segment, address: CODE 000033AF - 000033B1 (0x3 bytes), align: 0
  Segment part 421.           Intra module refs:   nwk_broadcastSend
    -------------------------------------------------------------------------
<BANKED_CODE,BANK_RELAYS..> 1 (was BANKED_CODE)
  Relative segment, address: CODE 000033B2 - 000033B7 (0x6 bytes), align: 0
  Segment part 422.           Intra module refs:   Segment part 421
    -------------------------------------------------------------------------
<BANKED_CODE,BANK_RELAYS..> 1 (was BANK_RELAYS)
  Relative segment, address: CODE 000008C8 - 000008CD (0x6 bytes), align: 0
  Segment part 274.
           ENTRY                   ADDRESS         REF BY
           =====                   =======         ======
           nwkDB_ReturnIndirectHoldingCnt::?relay
                                   000008C8        MAC_CbackCheckPending (zmac_cb)
    -------------------------------------------------------------------------
<BANKED_CODE,BANK_RELAYS..> 1 (was BANK_RELAYS)
  Relative segment, address: CODE 000008C2 - 000008C7 (0x6 bytes), align: 0
  Segment part 299.
           ENTRY                   ADDRESS         REF BY
           =====                   =======         ======
           nwk_broadcastSend::?relay
                                   000008C2        MAC_CbackEvent (zmac_cb)

    *************************************************************************

  FILE NAME : D:\简宝山\寿县17-09-01 25\程序\无线节点程序\code\Projects\zstack\Libraries\TI2530DB\bin\Security.lib
  LIBRARY MODULE, NAME : hal_aes

  SEGMENTS IN THE MODULE
  ======================
SFR_AN
  Relative segment, address: DATA 000000B3 - 000000B3 (0x1 bytes), align: 0
  Segment part 1. ROOT.
           ENTRY                   ADDRESS         REF BY
           =====                   =======         ======
           ENCCS                   000000B3 

    *************************************************************************

  FILE NAME : D:\简宝山\寿县17-09-01 25\程序\无线节点程序\code\Projects\zstack\Libraries\TIMAC\bin\TIMAC-CC2530.lib
  LIBRARY MODULE, NAME : mac_beacon

  SEGMENTS IN THE MODULE
  ======================
<BANKED_CODE,BANK_RELAYS..> 1 (was BANKED_CODE)
  Relative segment, address: CODE 000009C7 - 000009CB (0x5 bytes), align: 0
  Segment part 171.           Intra module refs:   macBackoffTimerTriggerCallback
                                                   macTimerUpdateBackoffTimer
    -------------------------------------------------------------------------
<BANKED_CODE,BANK_RELAYS..> 1 (was CODE_C)
  Relative segment, address: CODE 000009B9 - 000009C1 (0x9 bytes), align: 0
  Segment part 19.            Intra module refs:   macRxCompleteCallback
    -------------------------------------------------------------------------
<BANKED_CODE,BANK_RELAYS..> 1 (was CODE_C)
  Relative segment, address: CODE 000009A3 - 000009AD (0xb bytes), align: 0
  Segment part 20.            Intra module refs:   macDataTxComplete
           ENTRY                   ADDRESS         REF BY
           =====                   =======         ======
           macTxFrameSuccess       000009A3 
    -------------------------------------------------------------------------
<BANKED_CODE,BANK_RELAYS..> 1 (was CODE_C)
  Relative segment, address: CODE 00000998 - 000009A2 (0xb bytes), align: 0
  Segment part 21.            Intra module refs:   macDataTxComplete
           ENTRY                   ADDRESS         REF BY
           =====                   =======         ======
           macTxFrameFailed        00000998 
    -------------------------------------------------------------------------
XDATA_Z
  Relative segment, address: XDATA 00000372 - 0000037A (0x9 bytes), align: 0
  Segment part 22.            Intra module refs:   macDataRxMemAlloc
                                                   macRxCheckMACPendingCallback
                                                   macRxCompleteCallback
           ENTRY                   ADDRESS         REF BY
           =====                   =======         ======
           macData                 00000372 
    -------------------------------------------------------------------------
XDATA_Z
  Relative segment, address: XDATA 0000037B - 0000037C (0x2 bytes), align: 0
  Segment part 23.            Intra module refs:   Segment part 332
                                                   Segment part 373
                                                   Segment part 374
                                                   Segment part 501
                                                   macTxCompleteCallback
           ENTRY                   ADDRESS         REF BY
           =====                   =======         ======
           pMacDataTx              0000037B        ?Subroutine7 (mac_rx)
                                                   macTxFrame (mac_tx)
                                                   macTxTimestampCallback (mac_tx)
                                                   rxStartIsr (mac_rx)
    -------------------------------------------------------------------------
XDATA_I
  Relative segment, address: XDATA 00000407 - 00000408 (0x2 bytes), align: 0
  Segment part 26.            Intra module refs:   Segment part 374
           ENTRY                   ADDRESS         REF BY
           =====                   =======         ======
           macDataRequeueIndirect
                                   00000407 
    -------------------------------------------------------------------------
XDATA_I
  Relative segment, address: XDATA 00000409 - 0000040A (0x2 bytes), align: 0
  Segment part 28.            Intra module refs:   macRxCompleteCallback
           ENTRY                   ADDRESS         REF BY
           =====                   =======         ======
           macDataRxBeaconCritical
                                   00000409 
    -------------------------------------------------------------------------
XDATA_I
  Relative segment, address: XDATA 0000040B - 0000040C (0x2 bytes), align: 0
  Segment part 30.            Intra module refs:   macDataTxComplete
           ENTRY                   ADDRESS         REF BY
           =====                   =======         ======
           macDataTxBeaconComplete
                                   0000040B 
    -------------------------------------------------------------------------
XDATA_Z
  Relative segment, address: XDATA 0000037D - 0000037E (0x2 bytes), align: 0
  Segment part 36.            Intra module refs:   macDataTxTimeAvailable
           ENTRY                   ADDRESS         REF BY
           =====                   =======         ======
           macDataCheckTxTime      0000037D 
    -------------------------------------------------------------------------
XDATA_I
  Relative segment, address: XDATA 0000040D - 0000040E (0x2 bytes), align: 0
  Segment part 37.            Intra module refs:   macTxCompleteCallback
           ENTRY                   ADDRESS         REF BY
           =====                   =======         ======
           macDataBeaconRequeue    0000040D 
    -------------------------------------------------------------------------
<BANKED_CODE,BANK_RELAYS..> 1 (was CODE_C)
  Relative segment, address: CODE 000009AE - 000009B8 (0xb bytes), align: 0
  Segment part 49.            Intra module refs:   macCbackForEvent
           ENTRY                   ADDRESS         REF BY
           =====                   =======         ======
           macCbackEventTbl        000009AE 
    -------------------------------------------------------------------------
XDATA_Z
  Relative segment, address: XDATA 0000037F - 0000037F (0x1 bytes), align: 0
  Segment part 50.            Intra module refs:   Segment part 367
                                                   macSetEvent
           ENTRY                   ADDRESS         REF BY
           =====                   =======         ======
           macTaskId               0000037F 
    -------------------------------------------------------------------------
XDATA_Z
  Relative segment, address: XDATA 00000380 - 00000386 (0x7 bytes), align: 0
  Segment part 51.            Intra module refs:   macRxCheckMACPendingCallback
                                                   macRxCheckPendingCallback
                                                   macStateIdle
                                                   macStateScanning
                                                   mac_msg_deallocate
           ENTRY                   ADDRESS         REF BY
           =====                   =======         ======
           macMain                 00000380 
    -------------------------------------------------------------------------
XDATA_Z
  Relative segment, address: XDATA 00000387 - 00000388 (0x2 bytes), align: 0
  Segment part 70.            Intra module refs:   Segment part 809
                                                   macBackoffTimerRolloverCallback
                                                   macTimerCancel
                                                   macTimerUpdateBackoffTimer
           ENTRY                   ADDRESS         REF BY
           =====                   =======         ======
           timerUnalignedQ         00000387 
    -------------------------------------------------------------------------
XDATA_Z
  Relative segment, address: XDATA 00000389 - 0000038A (0x2 bytes), align: 0
  Segment part 71.            Intra module refs:   macBackoffTimerRolloverCallback
                                                   macTimerCancel
                                                   macTimerUpdateBackoffTimer
           ENTRY                   ADDRESS         REF BY
           =====                   =======         ======
           timerAlignedQ           00000389 
    -------------------------------------------------------------------------
XDATA_I
  Relative segment, address: XDATA 0000040F - 00000412 (0x4 bytes), align: 0
  Segment part 72.            Intra module refs:   macBackoffTimerRolloverCallback
                                                   macBackoffTimerTriggerCallback
                                                   macTimerUpdateBackoffTimer
    -------------------------------------------------------------------------
XDATA_I
  Relative segment, address: XDATA 00000413 - 00000416 (0x4 bytes), align: 0
  Segment part 74.            Intra module refs:   macBackoffTimerRolloverCallback
    -------------------------------------------------------------------------
XDATA_Z
  Relative segment, address: XDATA 0000038B - 0000038C (0x2 bytes), align: 0
  Segment part 76.            Intra module refs:   Segment part 799
                                                   Segment part 801
                                                   Segment part 813
                                                   macBackoffTimerTriggerCallback
                                                   macTimerUpdateBackoffTimer
    -------------------------------------------------------------------------
<BANKED_CODE,BANK_RELAYS..> 1 (was BANKED_CODE)
  Relative segment, address: CODE 000009CC - 000009D2 (0x7 bytes), align: 0
  Segment part 210.           Intra module refs:   macCbackForEvent
    -------------------------------------------------------------------------
<BANKED_CODE,BANK_RELAYS..> 1 (was BANKED_CODE)
  Relative segment, address: CODE 000009D3 - 000009D7 (0x5 bytes), align: 0
  Segment part 225.           Intra module refs:   Segment part 817
                                                   macTimerRecalcUnaligned
    -------------------------------------------------------------------------
<BANKED_CODE,BANK_RELAYS..> 1 (was BANKED_CODE)
  Relative segment, address: CODE 000009D8 - 000009DA (0x3 bytes), align: 0
  Segment part 251.           Intra module refs:   Segment part 588
    -------------------------------------------------------------------------
<BANKED_CODE,BANK_RELAYS..> 1 (was BANKED_CODE)
  Relative segment, address: CODE 000009DB - 000009E0 (0x6 bytes), align: 0
  Segment part 252.           Intra module refs:   Segment part 251
                                                   Segment part 273
                                                   Segment part 275
                                                   Segment part 286
                                                   Segment part 366
    -------------------------------------------------------------------------
<BANKED_CODE,BANK_RELAYS..> 1 (was BANKED_CODE)
  Relative segment, address: CODE 000009E1 - 000009E3 (0x3 bytes), align: 0
  Segment part 272.           Intra module refs:   macCbackForEvent
    -------------------------------------------------------------------------
<BANKED_CODE,BANK_RELAYS..> 1 (was BANKED_CODE)
  Relative segment, address: CODE 000009E4 - 000009E8 (0x5 bytes), align: 0
  Segment part 273.           Intra module refs:   Segment part 272
                                                   macDataTxComplete
    -------------------------------------------------------------------------
<BANKED_CODE,BANK_RELAYS..> 1 (was BANKED_CODE)
  Relative segment, address: CODE 000009E9 - 000009EE (0x6 bytes), align: 0
  Segment part 275.           Intra module refs:   macDataTxComplete
    -------------------------------------------------------------------------
<BANKED_CODE,BANK_RELAYS..> 1 (was BANKED_CODE)
  Relative segment, address: CODE 000009EF - 000009F6 (0x8 bytes), align: 0
  Segment part 276.           Intra module refs:   macTimerRecalcUnaligned
    -------------------------------------------------------------------------
<BANKED_CODE,BANK_RELAYS..> 1 (was BANKED_CODE)
  Relative segment, address: CODE 000009F7 - 000009F9 (0x3 bytes), align: 0
  Segment part 285.           Intra module refs:   macCbackForEvent
    -------------------------------------------------------------------------
<BANKED_CODE,BANK_RELAYS..> 1 (was BANKED_CODE)
  Relative segment, address: CODE 000009FA - 000009FD (0x4 bytes), align: 0
  Segment part 286.           Intra module refs:   Segment part 285
                                                   macDataTxComplete
    -------------------------------------------------------------------------
<BANKED_CODE,BANK_RELAYS..> 1 (was BANKED_CODE)
  Relative segment, address: CODE 000009FE - 00000A03 (0x6 bytes), align: 0
  Segment part 315.           Intra module refs:   macCbackForEvent
                                                   macCommStatusInd
    -------------------------------------------------------------------------
<BANKED_CODE,BANK_RELAYS..> 1 (was BANKED_CODE)
  Relative segment, address: CODE 00000A04 - 00000A07 (0x4 bytes), align: 0
  Segment part 320.           Intra module refs:   macRxCompleteCallback
    -------------------------------------------------------------------------
<BANKED_CODE,BANK_RELAYS..> 1 (was BANKED_CODE)
  Relative segment, address: CODE 00000A08 - 00000A0D (0x6 bytes), align: 0
  Segment part 323.           Intra module refs:   Segment part 320
    -------------------------------------------------------------------------
<BANKED_CODE,BANK_RELAYS..> 1 (was BANKED_CODE)
  Relative segment, address: CODE 00000A0E - 00000A28 (0x1b bytes), align: 0
  Segment part 328.           Intra module refs:   macRxCheckPendingCallback::?relay
           ENTRY                   ADDRESS         REF BY
           =====                   =======         ======
           macRxCheckPendingCallback
                                   00000A0E 
               calls direct
               ISTACK = 00000000 ( 00000002 )
    -------------------------------------------------------------------------
<BANKED_CODE,BANK_RELAYS..> 1 (was BANKED_CODE)
  Relative segment, address: CODE 00000A29 - 00000A4D (0x25 bytes), align: 0
  Segment part 330.           Intra module refs:   macRxCheckMACPendingCallback::?relay
           ENTRY                   ADDRESS         REF BY
           =====                   =======         ======
           macRxCheckMACPendingCallback
                                   00000A29 
               ISTACK = 00000000 ( 00000002 )
    -------------------------------------------------------------------------
<BANKED_CODE,BANK_RELAYS..> 1 (was BANKED_CODE)
  Relative segment, address: CODE 00000A4E - 00000A53 (0x6 bytes), align: 0
  Segment part 332.           Intra module refs:   macRxCheckMACPendingCallback
    -------------------------------------------------------------------------
<BANKED_CODE,BANK_RELAYS..> 1 (was BANKED_CODE)
  Relative segment, address: CODE 00000A54 - 00000A59 (0x6 bytes), align: 0
  Segment part 333.           Intra module refs:   Segment part 332
                                                   macTxCompleteCallback
    -------------------------------------------------------------------------
<BANKED_CODE,BANK_RELAYS..> 1 (was BANKED_CODE)
  Relative segment, address: CODE 00000A5A - 00000A76 (0x1d bytes), align: 0
  Segment part 334.           Intra module refs:   macDataRxMemAlloc::?relay
           ENTRY                   ADDRESS         REF BY
           =====                   =======         ======
           macDataRxMemAlloc       00000A5A 
               calls direct
               ISTACK = 00000000 ( 00000002 )
    -------------------------------------------------------------------------
<BANKED_CODE,BANK_RELAYS..> 1 (was BANKED_CODE)
  Relative segment, address: CODE 00000A77 - 00000A82 (0xc bytes), align: 0
  Segment part 336.           Intra module refs:   macDataRxMemFree::?relay
           ENTRY                   ADDRESS         REF BY
           =====                   =======         ======
           macDataRxMemFree        00000A77 
               calls direct
               ISTACK = 00000000 ( 00000002 )
    -------------------------------------------------------------------------
<BANKED_CODE,BANK_RELAYS..> 1 (was BANKED_CODE)
  Relative segment, address: CODE 00000A83 - 00000BBC (0x13a bytes), align: 0
  Segment part 338.           Intra module refs:   macRxCompleteCallback::?relay
           ENTRY                   ADDRESS         REF BY
           =====                   =======         ======
           macRxCompleteCallback   00000A83 
               calls direct
               XSTACK = 00000000 ( 00000002 )
               ISTACK = 00000000 ( 00000003 )
    -------------------------------------------------------------------------
<BANKED_CODE,BANK_RELAYS..> 1 (was BANKED_CODE)
  Relative segment, address: CODE 00000BBD - 00000BBD (0x1 bytes), align: 0
  Segment part 340.           Intra module refs:   Segment part 626
                                                   macRxCompleteCallback
    -------------------------------------------------------------------------
<BANKED_CODE,BANK_RELAYS..> 1 (was BANKED_CODE)
  Relative segment, address: CODE 00000BBE - 00000BC1 (0x4 bytes), align: 0
  Segment part 341.           Intra module refs:   Segment part 340
                                                   Segment part 800
                                                   macDataTxTimeAvailable
    -------------------------------------------------------------------------
<BANKED_CODE,BANK_RELAYS..> 1 (was BANKED_CODE)
  Relative segment, address: CODE 00000BC2 - 00000BCE (0xd bytes), align: 0
  Segment part 342.           Intra module refs:   macRxCompleteCallback
    -------------------------------------------------------------------------
<BANKED_CODE,BANK_RELAYS..> 1 (was BANKED_CODE)
  Relative segment, address: CODE 00000BCF - 00000BD2 (0x4 bytes), align: 0
  Segment part 343.           Intra module refs:   macRxCompleteCallback
    -------------------------------------------------------------------------
<BANKED_CODE,BANK_RELAYS..> 1 (was BANKED_CODE)
  Relative segment, address: CODE 00000BD3 - 00000BD7 (0x5 bytes), align: 0
  Segment part 344.           Intra module refs:   Segment part 343
                                                   Segment part 349
    -------------------------------------------------------------------------
<BANKED_CODE,BANK_RELAYS..> 1 (was BANKED_CODE)
  Relative segment, address: CODE 00000BD8 - 00000BD9 (0x2 bytes), align: 0
  Segment part 346.           Intra module refs:   macRxCompleteCallback
    -------------------------------------------------------------------------
<BANKED_CODE,BANK_RELAYS..> 1 (was BANKED_CODE)
  Relative segment, address: CODE 00000BDA - 00000BE0 (0x7 bytes), align: 0
  Segment part 347.           Intra module refs:   Segment part 346
    -------------------------------------------------------------------------
<BANKED_CODE,BANK_RELAYS..> 1 (was BANKED_CODE)
  Relative segment, address: CODE 00000BE1 - 00000BE4 (0x4 bytes), align: 0
  Segment part 348.           Intra module refs:   macRxCompleteCallback
    -------------------------------------------------------------------------
<BANKED_CODE,BANK_RELAYS..> 1 (was BANKED_CODE)
  Relative segment, address: CODE 00000BE5 - 00000BEE (0xa bytes), align: 0
  Segment part 349.           Intra module refs:   Segment part 348
                                                   macRxCompleteCallback
    -------------------------------------------------------------------------
<BANKED_CODE,BANK_RELAYS..> 1 (was BANKED_CODE)
  Relative segment, address: CODE 00000BEF - 00000C07 (0x19 bytes), align: 0
  Segment part 350.           Intra module refs:   macDataTxTimeAvailable::?relay
           ENTRY                   ADDRESS         REF BY
           =====                   =======         ======
           macDataTxTimeAvailable
                                   00000BEF 
               ISTACK = 00000000 ( 00000002 )
    -------------------------------------------------------------------------
<BANKED_CODE,BANK_RELAYS..> 1 (was BANKED_CODE)
  Relative segment, address: CODE 00000C08 - 00000C90 (0x89 bytes), align: 0
  Segment part 358.           Intra module refs:   macDataTxComplete::?relay
           ENTRY                   ADDRESS         REF BY
           =====                   =======         ======
           macDataTxComplete       00000C08 
               calls direct
               XSTACK = 00000010 ( 00000000 )
               ISTACK = 00000000 ( 00000003 )
    -------------------------------------------------------------------------
<BANKED_CODE,BANK_RELAYS..> 1 (was BANKED_CODE)
  Relative segment, address: CODE 00000C91 - 00000C91 (0x1 bytes), align: 0
  Segment part 360.           Intra module refs:   macDataTxComplete
    -------------------------------------------------------------------------
<BANKED_CODE,BANK_RELAYS..> 1 (was BANKED_CODE)
  Relative segment, address: CODE 00000C92 - 00000C96 (0x5 bytes), align: 0
  Segment part 361.           Intra module refs:   Segment part 360
    -------------------------------------------------------------------------
<BANKED_CODE,BANK_RELAYS..> 1 (was BANKED_CODE)
  Relative segment, address: CODE 00000C97 - 00000C9B (0x5 bytes), align: 0
  Segment part 363.           Intra module refs:   Segment part 361
                                                   Segment part 365
    -------------------------------------------------------------------------
<BANKED_CODE,BANK_RELAYS..> 1 (was BANKED_CODE)
  Relative segment, address: CODE 00000C9C - 00000CA5 (0xa bytes), align: 0
  Segment part 364.           Intra module refs:   macDataTxComplete
    -------------------------------------------------------------------------
<BANKED_CODE,BANK_RELAYS..> 1 (was BANKED_CODE)
  Relative segment, address: CODE 00000CA6 - 00000CAA (0x5 bytes), align: 0
  Segment part 365.           Intra module refs:   macDataTxComplete
    -------------------------------------------------------------------------
<BANKED_CODE,BANK_RELAYS..> 1 (was BANKED_CODE)
  Relative segment, address: CODE 00000CAB - 00000CB0 (0x6 bytes), align: 0
  Segment part 366.           Intra module refs:   Segment part 365
    -------------------------------------------------------------------------
<BANKED_CODE,BANK_RELAYS..> 1 (was BANKED_CODE)
  Relative segment, address: CODE 00000CB1 - 00000CBA (0xa bytes), align: 0
  Segment part 367.           Intra module refs:   macDataTxComplete
    -------------------------------------------------------------------------
<BANKED_CODE,BANK_RELAYS..> 1 (was BANKED_CODE)
  Relative segment, address: CODE 00000CBB - 00000D7F (0xc5 bytes), align: 0
  Segment part 368.           Intra module refs:   macTxCompleteCallback::?relay
           ENTRY                   ADDRESS         REF BY
           =====                   =======         ======
           macTxCompleteCallback   00000CBB 
               calls direct, is recursive
               XSTACK = 00000000 ( 00000009 )
               ISTACK = 00000000 ( 00000001 )
    -------------------------------------------------------------------------
<BANKED_CODE,BANK_RELAYS..> 1 (was BANKED_CODE)
  Relative segment, address: CODE 00000D80 - 00000D81 (0x2 bytes), align: 0
  Segment part 370.           Intra module refs:   macTxCompleteCallback
    -------------------------------------------------------------------------
<BANKED_CODE,BANK_RELAYS..> 1 (was BANKED_CODE)
  Relative segment, address: CODE 00000D82 - 00000D82 (0x1 bytes), align: 0
  Segment part 371.           Intra module refs:   Segment part 370
                                                   macTxCompleteCallback
    -------------------------------------------------------------------------
<BANKED_CODE,BANK_RELAYS..> 1 (was BANKED_CODE)
  Relative segment, address: CODE 00000D83 - 00000D86 (0x4 bytes), align: 0
  Segment part 372.           Intra module refs:   Segment part 371
                                                   macRxCompleteCallback
                                                   macTxCompleteCallback
    -------------------------------------------------------------------------
<BANKED_CODE,BANK_RELAYS..> 1 (was BANKED_CODE)
  Relative segment, address: CODE 00000D87 - 00000D90 (0xa bytes), align: 0
  Segment part 373.           Intra module refs:   macTxCompleteCallback
    -------------------------------------------------------------------------
<BANKED_CODE,BANK_RELAYS..> 1 (was BANKED_CODE)
  Relative segment, address: CODE 00000D91 - 00000D9E (0xe bytes), align: 0
  Segment part 374.           Intra module refs:   macTxCompleteCallback
    -------------------------------------------------------------------------
<BANKED_CODE,BANK_RELAYS..> 1 (was BANKED_CODE)
  Relative segment, address: CODE 00000D9F - 00000D9F (0x1 bytes), align: 0
  Segment part 381.           Intra module refs:   Segment part 333
                                                   Segment part 373
    -------------------------------------------------------------------------
<BANKED_CODE,BANK_RELAYS..> 1 (was BANKED_CODE)
  Relative segment, address: CODE 00000DA0 - 00000DA4 (0x5 bytes), align: 0
  Segment part 382.           Intra module refs:   Segment part 372
                                                   Segment part 381
    -------------------------------------------------------------------------
<BANKED_CODE,BANK_RELAYS..> 1 (was BANKED_CODE)
  Relative segment, address: CODE 00000DA5 - 00000DAA (0x6 bytes), align: 0
  Segment part 383.           Intra module refs:   macRxCompleteCallback
    -------------------------------------------------------------------------
<BANKED_CODE,BANK_RELAYS..> 1 (was BANKED_CODE)
  Relative segment, address: CODE 00000DAB - 00000DAF (0x5 bytes), align: 0
  Segment part 384.           Intra module refs:   Segment part 383
                                                   macRxCompleteCallback
    -------------------------------------------------------------------------
<BANKED_CODE,BANK_RELAYS..> 1 (was BANKED_CODE)
  Relative segment, address: CODE 00000DB0 - 00000DB7 (0x8 bytes), align: 0
  Segment part 385.           Intra module refs:   Segment part 349
                                                   Segment part 384
    -------------------------------------------------------------------------
<BANKED_CODE,BANK_RELAYS..> 1 (was BANKED_CODE)
  Relative segment, address: CODE 00000DB8 - 00000DBB (0x4 bytes), align: 0
  Segment part 389.           Intra module refs:   macBackoffTimerTriggerCallback
                                                   macDataTxComplete
                                                   macRxCompleteCallback
                                                   macTxCompleteCallback
    -------------------------------------------------------------------------
<BANKED_CODE,BANK_RELAYS..> 1 (was BANKED_CODE)
  Relative segment, address: CODE 00000DBC - 00000DBF (0x4 bytes), align: 0
  Segment part 390.           Intra module refs:   Segment part 374
                                                   Segment part 389
                                                   Segment part 628
                                                   Segment part 636
    -------------------------------------------------------------------------
<BANKED_CODE,BANK_RELAYS..> 1 (was BANKED_CODE)
  Relative segment, address: CODE 00000DC0 - 00000DC1 (0x2 bytes), align: 0
  Segment part 391.           Intra module refs:   Segment part 390
                                                   Segment part 804
    -------------------------------------------------------------------------
<BANKED_CODE,BANK_RELAYS..> 1 (was BANKED_CODE)
  Relative segment, address: CODE 00000DC2 - 00000DC2 (0x1 bytes), align: 0
  Segment part 392.           Intra module refs:   Segment part 385
                                                   Segment part 391
    -------------------------------------------------------------------------
<BANKED_CODE,BANK_RELAYS..> 1 (was BANKED_CODE)
  Relative segment, address: CODE 00000DC3 - 00000DC8 (0x6 bytes), align: 0
  Segment part 393.           Intra module refs:   Segment part 341
                                                   Segment part 392
    -------------------------------------------------------------------------
<BANKED_CODE,BANK_RELAYS..> 1 (was BANKED_CODE)
  Relative segment, address: CODE 00000DC9 - 00000DCF (0x7 bytes), align: 0
  Segment part 406.           Intra module refs:   Segment part 323
                                                   macDataRxMemAlloc
                                                   macDataRxMemFree
                                                   macDataTxComplete
                                                   macDataTxTimeAvailable
                                                   macRxCheckMACPendingCallback
                                                   macRxCheckPendingCallback
                                                   macStateIdle
                                                   macStateScanning
    -------------------------------------------------------------------------
<BANKED_CODE,BANK_RELAYS..> 1 (was BANKED_CODE)
  Relative segment, address: CODE 00000DD0 - 00000DD2 (0x3 bytes), align: 0
  Segment part 416.           Intra module refs:   macSecCpy
    -------------------------------------------------------------------------
<BANKED_CODE,BANK_RELAYS..> 1 (was BANKED_CODE)
  Relative segment, address: CODE 00000DD3 - 00000DD5 (0x3 bytes), align: 0
  Segment part 417.           Intra module refs:   Segment part 416
    -------------------------------------------------------------------------
<BANKED_CODE,BANK_RELAYS..> 1 (was BANKED_CODE)
  Relative segment, address: CODE 00000DD6 - 00000DDA (0x5 bytes), align: 0
  Segment part 418.           Intra module refs:   Segment part 417
    -------------------------------------------------------------------------
<BANKED_CODE,BANK_RELAYS..> 1 (was BANKED_CODE)
  Relative segment, address: CODE 00000DDB - 00000DDF (0x5 bytes), align: 0
  Segment part 452.           Intra module refs:   Segment part 315
                                                   Segment part 533
                                                   macTimerRemoveTimer
                                                   macTxCompleteCallback
    -------------------------------------------------------------------------
<BANKED_CODE,BANK_RELAYS..> 1 (was BANKED_CODE)
  Relative segment, address: CODE 00000DE0 - 00000DF4 (0x15 bytes), align: 0
  Segment part 472.           Intra module refs:   macCommStatusInd
    -------------------------------------------------------------------------
<BANKED_CODE,BANK_RELAYS..> 1 (was BANKED_CODE)
  Relative segment, address: CODE 00000DF5 - 00000DF8 (0x4 bytes), align: 0
  Segment part 473.           Intra module refs:   macRxCompleteCallback
    -------------------------------------------------------------------------
<BANKED_CODE,BANK_RELAYS..> 1 (was BANKED_CODE)
  Relative segment, address: CODE 00000DF9 - 00000E00 (0x8 bytes), align: 0
  Segment part 474.           Intra module refs:   Segment part 473
    -------------------------------------------------------------------------
<BANKED_CODE,BANK_RELAYS..> 1 (was BANKED_CODE)
  Relative segment, address: CODE 00000E01 - 00000E04 (0x4 bytes), align: 0
  Segment part 476.           Intra module refs:   macCbackForEvent
    -------------------------------------------------------------------------
<BANKED_CODE,BANK_RELAYS..> 1 (was BANKED_CODE)
  Relative segment, address: CODE 00000E05 - 00000E18 (0x14 bytes), align: 0
  Segment part 489.           Intra module refs:   macSetEvent::?relay
           ENTRY                   ADDRESS         REF BY
           =====                   =======         ======
           macSetEvent             00000E05 
               calls direct, is indirectly called
               XSTACK = 00000011 ( 0000000A )
    -------------------------------------------------------------------------
<BANKED_CODE,BANK_RELAYS..> 1 (was BANKED_CODE)
  Relative segment, address: CODE 00000E19 - 00000F26 (0x10e bytes), align: 0
  Segment part 491.           Intra module refs:   macCbackForEvent::?relay
           ENTRY                   ADDRESS         REF BY
           =====                   =======         ======
           macCbackForEvent        00000E19 
               calls direct
               XSTACK = 00000014 ( 00000019 )
               ISTACK = 00000000 ( 00000001 )
    -------------------------------------------------------------------------
<BANKED_CODE,BANK_RELAYS..> 1 (was BANKED_CODE)
  Relative segment, address: CODE 00000F27 - 00000F39 (0x13 bytes), align: 0
  Segment part 493.           Intra module refs:   macStateIdle::?relay
           ENTRY                   ADDRESS         REF BY
           =====                   =======         ======
           macStateIdle            00000F27 
               XSTACK = 00000017 ( 00000000 )
               ISTACK = 00000000 ( 00000002 )
    -------------------------------------------------------------------------
<BANKED_CODE,BANK_RELAYS..> 1 (was BANKED_CODE)
  Relative segment, address: CODE 00000F3A - 00000F4E (0x15 bytes), align: 0
  Segment part 497.           Intra module refs:   macStateScanning::?relay
           ENTRY                   ADDRESS         REF BY
           =====                   =======         ======
           macStateScanning        00000F3A 
               XSTACK = 0000000C ( 00000000 )
               ISTACK = 00000000 ( 00000002 )
    -------------------------------------------------------------------------
<BANKED_CODE,BANK_RELAYS..> 1 (was BANKED_CODE)
  Relative segment, address: CODE 00000F4F - 00000F51 (0x3 bytes), align: 0
  Segment part 501.           Intra module refs:   macRxCheckMACPendingCallback
                                                   macTxCompleteCallback
    -------------------------------------------------------------------------
<BANKED_CODE,BANK_RELAYS..> 1 (was BANKED_CODE)
  Relative segment, address: CODE 00000F52 - 00000F57 (0x6 bytes), align: 0
  Segment part 502.           Intra module refs:   Segment part 501
                                                   macBackoffTimerTriggerCallback
                                                   macDataTxTimeAvailable
                                                   macTimerUpdateBackoffTimer
                                                   mac_msg_deallocate
    -------------------------------------------------------------------------
<BANKED_CODE,BANK_RELAYS..> 1 (was BANKED_CODE)
  Relative segment, address: CODE 00000F58 - 00000F5D (0x6 bytes), align: 0
  Segment part 514.           Intra module refs:   macCbackForEvent
                                                   macRxCompleteCallback
    -------------------------------------------------------------------------
<BANKED_CODE,BANK_RELAYS..> 1 (was BANKED_CODE)
  Relative segment, address: CODE 00000F5E - 00000F62 (0x5 bytes), align: 0
  Segment part 524.           Intra module refs:   macRxCompleteCallback
                                                   macTxCompleteCallback
    -------------------------------------------------------------------------
<BANKED_CODE,BANK_RELAYS..> 1 (was BANKED_CODE)
  Relative segment, address: CODE 00000F63 - 00000F67 (0x5 bytes), align: 0
  Segment part 525.           Intra module refs:   Segment part 374
                                                   Segment part 524
                                                   macTimerRemoveTimer
    -------------------------------------------------------------------------
<BANKED_CODE,BANK_RELAYS..> 1 (was BANKED_CODE)
  Relative segment, address: CODE 00000F68 - 00000FB0 (0x49 bytes), align: 0
  Segment part 530.           Intra module refs:   mac_msg_deallocate::?relay
           ENTRY                   ADDRESS         REF BY
           =====                   =======         ======
           mac_msg_deallocate      00000F68 
               calls direct
               XSTACK = 0000000C ( 00000009 )
    -------------------------------------------------------------------------
<BANKED_CODE,BANK_RELAYS..> 1 (was BANKED_CODE)
  Relative segment, address: CODE 00000FB1 - 00000FB4 (0x4 bytes), align: 0
  Segment part 532.           Intra module refs:   macTimerCancel
                                                   mac_msg_deallocate
    -------------------------------------------------------------------------
<BANKED_CODE,BANK_RELAYS..> 1 (was BANKED_CODE)
  Relative segment, address: CODE 00000FB5 - 00000FB9 (0x5 bytes), align: 0
  Segment part 533.           Intra module refs:   Segment part 532
    -------------------------------------------------------------------------
<BANKED_CODE,BANK_RELAYS..> 1 (was BANKED_CODE)
  Relative segment, address: CODE 00000FBA - 00000FBF (0x6 bytes), align: 0
  Segment part 537.           Intra module refs:   macCommStatusInd
                                                   macTimerUpdateBackoffTimer
    -------------------------------------------------------------------------
<BANKED_CODE,BANK_RELAYS..> 1 (was BANKED_CODE)
  Relative segment, address: CODE 00000FC0 - 00000FC6 (0x7 bytes), align: 0
  Segment part 555.           Intra module refs:   macDataTxComplete
    -------------------------------------------------------------------------
<BANKED_CODE,BANK_RELAYS..> 1 (was BANKED_CODE)
  Relative segment, address: CODE 00000FC7 - 00000FCF (0x9 bytes), align: 0
  Segment part 578.           Intra module refs:   macCommStatusInd
    -------------------------------------------------------------------------
<BANKED_CODE,BANK_RELAYS..> 1 (was BANKED_CODE)
  Relative segment, address: CODE 00000FD0 - 00000FD7 (0x8 bytes), align: 0
  Segment part 588.           Intra module refs:   macCbackForEvent
    -------------------------------------------------------------------------
<BANKED_CODE,BANK_RELAYS..> 1 (was BANKED_CODE)
  Relative segment, address: CODE 00000FD8 - 00000FDE (0x7 bytes), align: 0
  Segment part 591.           Intra module refs:   Segment part 594
    -------------------------------------------------------------------------
<BANKED_CODE,BANK_RELAYS..> 1 (was BANKED_CODE)
  Relative segment, address: CODE 00000FDF - 00000FE2 (0x4 bytes), align: 0
  Segment part 593.           Intra module refs:   Segment part 476
    -------------------------------------------------------------------------
<BANKED_CODE,BANK_RELAYS..> 1 (was BANKED_CODE)
  Relative segment, address: CODE 00000FE3 - 00000FE9 (0x7 bytes), align: 0
  Segment part 594.           Intra module refs:   Segment part 593
    -------------------------------------------------------------------------
<BANKED_CODE,BANK_RELAYS..> 1 (was BANKED_CODE)
  Relative segment, address: CODE 00000FEA - 00000FF3 (0xa bytes), align: 0
  Segment part 595.           Intra module refs:   macCommStatusInd
    -------------------------------------------------------------------------
<BANKED_CODE,BANK_RELAYS..> 1 (was BANKED_CODE)
  Relative segment, address: CODE 00000FF4 - 0000100B (0x18 bytes), align: 0
  Segment part 596.           Intra module refs:   macSecCpy::?relay
           ENTRY                   ADDRESS         REF BY
           =====                   =======         ======
           macSecCpy               00000FF4 
               calls direct
               XSTACK = 0000002B ( 0000000E )
    -------------------------------------------------------------------------
<BANKED_CODE,BANK_RELAYS..> 1 (was BANKED_CODE)
  Relative segment, address: CODE 0000100C - 0000100E (0x3 bytes), align: 0
  Segment part 598.           Intra module refs:   macNoAction::?relay
           ENTRY                   ADDRESS         REF BY
           =====                   =======         ======
           macNoAction             0000100C 
               is indirectly called
    -------------------------------------------------------------------------
<BANKED_CODE,BANK_RELAYS..> 1 (was BANKED_CODE)
  Relative segment, address: CODE 0000100F - 000010AA (0x9c bytes), align: 0
  Segment part 609.           Intra module refs:   macCommStatusInd::?relay
           ENTRY                   ADDRESS         REF BY
           =====                   =======         ======
           macCommStatusInd        0000100F 
               calls direct, is indirectly called
               XSTACK = 00000019 ( 0000002B )
               ISTACK = 00000000 ( 00000001 )
    -------------------------------------------------------------------------
<BANKED_CODE,BANK_RELAYS..> 1 (was BANKED_CODE)
  Relative segment, address: CODE 000010AB - 000010B2 (0x8 bytes), align: 0
  Segment part 611.           Intra module refs:   macCommStatusInd
    -------------------------------------------------------------------------
<BANKED_CODE,BANK_RELAYS..> 1 (was BANKED_CODE)
  Relative segment, address: CODE 000010B3 - 000010B8 (0x6 bytes), align: 0
  Segment part 612.           Intra module refs:   Segment part 502
                                                   Segment part 611
                                                   Segment part 712
[...]
                                                   macBackoffTimerTriggerCallback (mac_beacon)
                                                   macDataTxComplete (mac_beacon)
                                                   macDataTxTimeAvailable (mac_beacon)
                                                   macRxCompleteCallback (mac_beacon)
                                                   macRxThresholdIsr (mac_rx)
                                                   macTxCompleteCallback (mac_beacon)

    -------------------------------------------------------------------------
  LIBRARY MODULE, NAME : ?BANKED_ENTER_XDATA

  SEGMENTS IN THE MODULE
  ======================
<BANKED_CODE,BANK_RELAYS..> 1 (was RCODE)
  Relative segment, address: CODE 00000219 - 00000284 (0x6c bytes), align: 0
  Segment part 1.
           ENTRY                   ADDRESS         REF BY
           =====                   =======         ======
           ?BANKED_ENTER_XDATA     00000219        MAC_CbackEvent (zmac_cb)
                                                   MAC_MlmeGetReq (mac_pib)
                                                   ZMacLqiAdjust (zmac_cb)
                                                   halAssertHazardLights (hal_assert)
                                                   halSetMaxSleepLoopTime (hal_sleep)
                                                   macBackoffTimerCapture (mac_backoff_timer)
                                                   macBackoffTimerCount (mac_backoff_timer)
                                                   macBackoffTimerRolloverCallback (mac_beacon)
                                                   macBackoffTimerSetRollover (mac_backoff_timer)
                                                   macBackoffTimerSetTrigger (mac_backoff_timer)
                                                   macBackoffTimerTriggerCallback (mac_beacon)
                                                   macCbackForEvent (mac_beacon)
                                                   macCommStatusInd (mac_beacon)
                                                   macCspTxGoSlotted (mac_csp_tx)
                                                   macCspTxRequestAckTimeoutCallback (mac_csp_tx)
                                                   macMcuAccumulatedOverFlow (mac_mcu)
                                                   macMcuOverflowSetCompare (mac_mcu)
                                                   macMcuOverflowSetPeriod (mac_mcu)
                                                   macMemReadRxFifo (mac_mem)
                                                   macMemWriteTxFifo (mac_mem)
                                                   macRadioComputeLQI (mac_radio)
                                                   macRadioSetChannel (mac_radio)
                                                   macRadioSetTxPower (mac_radio)
                                                   macRadioUpdateChannel (mac_radio)
                                                   macRxHardDisable (mac_rx_onoff)
                                                   macRxOffRequest (mac_rx_onoff)
                                                   macRxOnRequest (mac_rx_onoff)
                                                   macSecCpy (mac_beacon)
                                                   macSetEvent (mac_beacon)
                                                   macTimerCancel (mac_beacon)
                                                   macTimerRecalcUnaligned (mac_beacon)
                                                   macTimerRemoveTimer (mac_beacon)
                                                   macTimerUpdateBackoffTimer (mac_beacon)
                                                   macTxAckNotReceivedCallback (mac_tx)
                                                   macTxAckReceivedCallback (mac_tx)
                                                   macTxCompleteCallback (mac_beacon)
                                                   macTxDoneCallback (mac_tx)
                                                   macTxFrame (mac_tx)
                                                   macTxStartQueuedFrame (mac_tx)
                                                   macTxTimestampCallback (mac_tx)
                                                   mac_msg_deallocate (mac_beacon)
                                                   osal_mem_alloc (OSAL_Memory)
                                                   osal_mem_free (OSAL_Memory)
                                                   osal_memcpy (OSAL)
                                                   osal_msg_allocate (OSAL)
                                                   osal_msg_enqueue (OSAL)
                                                   osal_msg_enqueue_max (OSAL)
                                                   osal_msg_send (OSAL)
                                                   osal_set_event (OSAL)
                                                   rxAddrIsr (mac_rx)
                                                   rxFcsIsr (mac_rx)
                                                   rxStartIsr (mac_rx)
                                                   sAddrExtCpy (saddr)
                                                   txComplete (mac_tx)
                                                   txCsmaPrep (mac_tx)

    -------------------------------------------------------------------------
  LIBRARY MODULE, NAME : ?BANKED_LEAVE_XDATA

  SEGMENTS IN THE MODULE
  ======================
<BANKED_CODE,BANK_RELAYS..> 1 (was RCODE)
  Relative segment, address: CODE 00000391 - 000003D6 (0x46 bytes), align: 0
  Segment part 1.
           ENTRY                   ADDRESS         REF BY
           =====                   =======         ======
           ?BANKED_LEAVE_XDATA     00000391        ?Subroutine1 (mac_mem)
                                                   ?Subroutine1 (mac_radio)
                                                   ?Subroutine1 (mac_rx)
                                                   ?Subroutine1 (mac_tx)
                                                   ?Subroutine2 (OSAL)
                                                   ?Subroutine2 (mac_backoff_timer)
                                                   ?Subroutine2 (mac_tx)
                                                   MAC_CbackEvent (zmac_cb)
                                                   MAC_MlmeGetReq (mac_pib)
                                                   Segment part 171 (mac_beacon)
                                                   Segment part 225 (mac_beacon)
                                                   Segment part 26 (OSAL)
                                                   Segment part 29 (mac_rx_onoff)
                                                   Segment part 35 (mac_backoff_timer)
                                                   Segment part 418 (mac_beacon)
                                                   Segment part 452 (mac_beacon)
                                                   Segment part 632 (mac_beacon)
                                                   Segment part 72 (mac_mcu)
                                                   ZMacLqiAdjust (zmac_cb)
                                                   halAssertHazardLights (hal_assert)
                                                   halSetMaxSleepLoopTime (hal_sleep)
                                                   macCspTxGoSlotted (mac_csp_tx)
                                                   macCspTxRequestAckTimeoutCallback (mac_csp_tx)
                                                   macTxTimestampCallback (mac_tx)
                                                   osal_mem_alloc (OSAL_Memory)
                                                   osal_mem_free (OSAL_Memory)
                                                   rxStartIsr (mac_rx)
                                                   sAddrExtCpy (saddr)

    -------------------------------------------------------------------------
  LIBRARY MODULE, NAME : ?INTERRUPT_ENTER_XSP

  SEGMENTS IN THE MODULE
  ======================
<BANKED_CODE,BANK_RELAYS..> 1 (was RCODE)
  Relative segment, address: CODE 00000285 - 000002E3 (0x5f bytes), align: 0
  Segment part 1.
           ENTRY                   ADDRESS         REF BY
           =====                   =======         ======
           ?INTERRUPT_ENTER_XSP    00000285        macMcuRfErrIsr (mac_mcu)
                                                   macMcuRfIsr (mac_mcu)
                                                   macMcuTimer2Isr (mac_mcu)

    -------------------------------------------------------------------------
  LIBRARY MODULE, NAME : ?INTERRUPT_LEAVE_XSP

  SEGMENTS IN THE MODULE
  ======================
<BANKED_CODE,BANK_RELAYS..> 1 (was RCODE)
  Relative segment, address: CODE 000002E4 - 0000033B (0x58 bytes), align: 0
  Segment part 1.
           ENTRY                   ADDRESS         REF BY
           =====                   =======         ======
           ?INTERRUPT_LEAVE_XSP    000002E4        ?Subroutine2 (mac_mcu)

    -------------------------------------------------------------------------
  LIBRARY MODULE, NAME : ?PUSH_XSTACK_I

  SEGMENTS IN THE MODULE
  ======================
<BANKED_CODE,BANK_RELAYS..> 1 (was RCODE)
  Relative segment, address: CODE 00000588 - 0000058B (0x4 bytes), align: 0
  Segment part 1.
           ENTRY                   ADDRESS         REF BY
           =====                   =======         ======
           ?PUSH_XSTACK_I_THREE    00000588        MAC_CbackEvent (zmac_cb)
                                                   MAC_MlmeGetReq (mac_pib)
                                                   macSecCpy (mac_beacon)
                                                   rxStartIsr (mac_rx)
                                                   sAddrExtCpy (saddr)
    -------------------------------------------------------------------------
<BANKED_CODE,BANK_RELAYS..> 1 (was RCODE)
  Relative segment, address: CODE 0000058C - 00000598 (0xd bytes), align: 0
  Segment part 4.             Intra module refs:   ?PUSH_XSTACK_I_THREE
           ENTRY                   ADDRESS         REF BY
           =====                   =======         ======
           ?PUSH_XSTACK_I          0000058C 

    -------------------------------------------------------------------------
  LIBRARY MODULE, NAME : ?PUSH_XSTACK8_X

  SEGMENTS IN THE MODULE
  ======================
<BANKED_CODE,BANK_RELAYS..> 1 (was RCODE)
  Relative segment, address: CODE 000003D7 - 000003DA (0x4 bytes), align: 0
  Segment part 3.
           ENTRY                   ADDRESS         REF BY
           =====                   =======         ======
           ?PUSH_XSTACK8_X_TWO     000003D7        macBackoffTimerRolloverCallback (mac_beacon)
    -------------------------------------------------------------------------
<BANKED_CODE,BANK_RELAYS..> 1 (was RCODE)
  Relative segment, address: CODE 000003DB - 00000403 (0x29 bytes), align: 0
  Segment part 5.             Intra module refs:   ?PUSH_XSTACK8_X_TWO
           ENTRY                   ADDRESS         REF BY
           =====                   =======         ======
           ?PUSH_XSTACK8_X         000003DB 




                ****************************************
                *                                      *
                *            MODULE SUMMARY            *
                *                                      *
                ****************************************

Module                     CODE      DATA      XDATA  IDATA    BIT  CONST
------                     ----      ----      -----  -----    ---  -----
                          (Rel)  (Rel)  (Abs)  (Rel)  (Rel)  (Rel)  (Rel)
?ADD_XSTACK_DISP8            27
?ALLOC_XSTACK8               22
?BANKED_CODE_SUPPORT         30
?BANKED_ENTER_XDATA         108
?BANKED_LEAVE_XDATA          70
?CALL_IND                     2
?C_GPTR_LOAD                 26
?DEALLOC_XSTACK8             27
?INTERRUPT_ENTER_XSP         95
?INTERRUPT_LEAVE_XSP         88
?L_ADD_TO_X                  19
?L_ADD_X                     19
?L_AND_X                     19
?L_EQ                        21
?L_EQ_X                      21
?L_MOV_TO_X                  15
?L_MOV_X                     15
?L_NEG                       17
?L_SUB_FROM_X                20
?MOVE_LONG8_XDATA_IDATA      13
?MOVE_LONG8_XDATA_XDATA      33
?PUSH_XSTACK8_X              45
?PUSH_XSTACK_I               17
?SL_GT_X                     21
?S_DIV_MOD                  154
?S_SHL                       19
?UL_GE_X                     31
?UL_GT                       16
?UL_GT_X                     16
?XLOAD_R2345                 12
?XSTACK_DISP8                10
?XSTACK_DISP8_RP              8
?XSTORE_R2345                12
?cexit                        5
?cmain                       85
CSTARTUP                     16
  + common                    3
MT_SYS
  + shared                                  1
MT_UART                                     1
  + shared                                  1
OSAL                        600                    2
  + shared                                  1
OSAL_Memory                 443                3 075
OSAL_SampleApp                1                    2                    1
OnBoard
  + shared                                  1
SampleAppHw                                 2
  + shared                                  1
VIRTUAL_REGISTERS                   12                           8
ZDApp                         4
  + shared                                                              4
ZDNwkMgr                      4
  + shared                                                              4
ZGlobals                                           1
adc                                         2
  + shared                                  3
hal_adc                                     4
  + shared                                  1
hal_aes                                     1
hal_assert                  444             2      1                    4
  + shared                                  2
hal_dma                                     4
hal_flash
  + shared                                  2
hal_sleep                    81             6      4
  + shared                   46             2                           4
  + common
hal_startup                  11
mac_autopend                 62                    2
mac_backoff_timer           360                    8
  + shared                                  2
mac_beacon                2 869                   43
mac_cfg                       5                                         5
mac_csp_tx                  748             1
  + shared                                  7
mac_mcu                     735             7      7                    4
  + shared                  134             2
  + common
mac_mem                      89             1
mac_pib                     300                   60
mac_radio                   404                    4
mac_radio_defs               28
mac_rx                    2 342                   19
mac_rx_onoff                226                    2
mac_sleep                     1                    1
mac_tx                      958                    8
nwk                         149                  113
nwk_globals                   1
saddr                        40
spi                                         7
wdt                                         1
zmac                                               2
zmac_cb                   1 248                    3
N/A (command line)                  24           768    192
N/A (alignment)
----------               ------     --     --  -----    ---      -     --
Total:                   13 327     36     65  4 125    192      8     26
  + common                  134


                ****************************************
                *                                      *
                *      SEGMENTS IN ADDRESS ORDER       *
                *                                      *
                ****************************************


SEGMENT              SPACE    START ADDRESS   END ADDRESS     SIZE  TYPE  ALIGN
=======              =====    =============   ===========     ====  ====  =====
INTVEC               CODE          00000000 - 00000085          86   com    0
PDATA_ID             CODE               00000086                     dse    0
IXDATA_ID            CODE               00000086                     dse    0
IDATA_ID             CODE               00000086                     dse    0
DATA_ID              CODE               00000086                     dse    0
BIT_ID               CODE               00000086                     dse    0
BDATA_ID             CODE               00000086                     dse    0
XDATA_ID             CODE          00000086 - 0000009A          15   rel    0
<BANKED_CODE,BANK_RELAYS..> 1
                     CODE          0000009B - 0000347A        33E0   rel    0
<XDATA_ROM_C_FLASH> 1
                     CODE          00018000 - 00018019          1A   rel    0
REGISTERS            DATA          00000000 - 00000007           8   rel    0
BREG                 BIT        00000020.0  -  00000020.7        8   rel    0
VREG                 DATA          00000021 - 0000003A          1A   rel    0
PSP                  DATA               0000003B                     dse    0
XSP                  DATA          0000003B - 0000003C           2   rel    0
SFR_AN               DATA          00000080 - 00000080           1   rel    0
                     DATA          00000087 - 00000087           1 
                     DATA          0000008F - 00000091           3 
                     DATA          00000094 - 00000097           4 
                     DATA          0000009A - 0000009E           5 
                     DATA          000000A0 - 000000A9           A 
                     DATA          000000AD - 000000AD           1 
                     DATA          000000B3 - 000000B4           2 
                     DATA          000000B6 - 000000B6           1 
                     DATA          000000B8 - 000000C1           A 
                     DATA          000000C3 - 000000C3           1 
                     DATA          000000C6 - 000000C7           2 
                     DATA          000000C9 - 000000C9           1 
                     DATA          000000D1 - 000000D6           6 
                     DATA          000000D9 - 000000D9           1 
                     DATA          000000E1 - 000000E1           1 
                     DATA          000000E8 - 000000E9           2 
                     DATA          000000F1 - 000000F5           5 
                     DATA          000000F8 - 000000FF           8 
XSTACK               XDATA         00000001 - 00000300         300   rel    0
XDATA_Z              XDATA         00000301 - 00000406         106   rel    0
XDATA_I              XDATA         00000407 - 0000041B          15   rel    0
<XDATA_N> 1          XDATA         0000041C - 0000101D         C02   rel    0
<XDATA_ROM_C> 1      CONST         00008000 - 00008019          1A   rel    0
ISTACK               IDATA         00000040 - 000000FF          C0   rel    0

                ****************************************
                *                                      *
                *        END OF CROSS REFERENCE        *
                *                                      *
                ****************************************

 13 461 bytes of CODE  memory
     36 bytes of DATA  memory (+ 65 absolute )
  4 125 bytes of XDATA memory
    192 bytes of IDATA memory
      8 bits  of BIT   memory
     26 bytes of CONST memory

Errors: 1
Warnings: none

